// Vitest Snapshot v1, https://vitest.dev/guide/snapshot.html

exports[`UsersController (e2e) > should create multiple users and trigger the appropriate events 1`] = `
[
  {
    "authzUserId": null,
    "context": null,
    "deletedAt": null,
    "email": "Peyton59@yahoo.com",
    "firstName": "Carley",
    "lastName": "Crist",
    "phone": "(248) 461-7600",
  },
]
`;
